
Memory Configuration

Name             Origin             Length             Attributes
*default*        0x0000000000000000 0xffffffffffffffff

Linker script and memory map

LOAD /opt/riscv32/lib/gcc/riscv32-unknown-elf/11.1.0/libgcc.a
LOAD CountInversions.o
LOAD crt0.o
LOAD /opt/riscv32/lib/gcc/riscv32-unknown-elf/11.1.0/libgcc.a
START GROUP
LOAD /opt/riscv32/lib/gcc/riscv32-unknown-elf/11.1.0/../../../../riscv32-unknown-elf/lib/libc.a
LOAD /opt/riscv32/lib/gcc/riscv32-unknown-elf/11.1.0/../../../../riscv32-unknown-elf/lib/libgloss.a
END GROUP
LOAD /opt/riscv32/lib/gcc/riscv32-unknown-elf/11.1.0/libgcc.a
                0x0000000080000000                . = 0x80000000

.text.init      0x0000000080000000       0x46
 *(.text.init)
 .text.init     0x0000000080000000       0x46 crt0.o
                0x0000000080000000                _start
                0x0000000080000018                _finish

.text           0x0000000080000046       0xd2
 *(.text)
 .text          0x0000000080000046       0xd2 CountInversions.o
                0x0000000080000046                getInvCount
                0x00000000800000ce                main
 .text          0x0000000080000118        0x0 crt0.o
                0x0000000080000118                _end = .
                0x00000000d0580000                . = 0xd0580000

.data.io        0x00000000d0580000        0x4
 *(.data.io)
 .data.io       0x00000000d0580000        0x4 crt0.o
                0x00000000d0580000                tohost
                0x00000000f0040000                . = 0xf0040000

.data           0x00000000f0040000       0x14
 *(.*data)
 .data          0x00000000f0040000        0x0 CountInversions.o
 .rodata        0x00000000f0040000       0x14 CountInversions.o
 .data          0x00000000f0040014        0x0 crt0.o
 *(.rodata*)

.bss            0x00000000f0040014        0x0
                0x00000000f0040014                BSS_START = .
 *(.*bss)
 .bss           0x00000000f0040014        0x0 CountInversions.o
 .bss           0x00000000f0040014        0x0 crt0.o
                0x00000000f0040014                BSS_END = .
                0x00000000f0041020                STACK = (ALIGN (0x10) + 0x1000)
                0x00000000fffffff8                . = 0xfffffff8

.data.ctl       0x00000000fffffff8        0x8
                0x00000000fffffff8        0x4 LONG 0xf0040000
                0x00000000fffffffc        0x4 LONG 0xf0041020 STACK
OUTPUT(CountInversions.exe elf32-littleriscv)

.rela.dyn       0x0000000100000000        0x0
 .rela.text.init
                0x0000000100000000        0x0 CountInversions.o

.debug_info     0x0000000000000000      0x130
 .debug_info    0x0000000000000000      0x130 CountInversions.o

.debug_abbrev   0x0000000000000000       0xba
 .debug_abbrev  0x0000000000000000       0xba CountInversions.o

.debug_aranges  0x0000000000000000       0x20
 .debug_aranges
                0x0000000000000000       0x20 CountInversions.o

.debug_line     0x0000000000000000      0x102
 .debug_line    0x0000000000000000      0x102 CountInversions.o

.debug_str      0x0000000000000000       0xed
 .debug_str     0x0000000000000000       0xed CountInversions.o
                                        0x126 (size before relaxing)

.debug_line_str
                0x0000000000000000       0xe0
 .debug_line_str
                0x0000000000000000       0xe0 CountInversions.o
                                        0x13e (size before relaxing)

.comment        0x0000000000000000       0x10
 .comment       0x0000000000000000       0x10 CountInversions.o
                                         0x11 (size before relaxing)

.riscv.attributes
                0x0000000000000000       0x2f
 .riscv.attributes
                0x0000000000000000       0x2b CountInversions.o
 .riscv.attributes
                0x000000000000002b       0x2d crt0.o

.debug_frame    0x0000000000000000       0x5c
 .debug_frame   0x0000000000000000       0x5c CountInversions.o
