
Memory Configuration

Name             Origin             Length             Attributes
*default*        0x0000000000000000 0xffffffffffffffff

Linker script and memory map

LOAD /opt/riscv32/lib/gcc/riscv32-unknown-elf/11.1.0/libgcc.a
LOAD AssemblyLineScheduling.o
LOAD crt0.o
LOAD /opt/riscv32/lib/gcc/riscv32-unknown-elf/11.1.0/libgcc.a
START GROUP
LOAD /opt/riscv32/lib/gcc/riscv32-unknown-elf/11.1.0/../../../../riscv32-unknown-elf/lib/libc.a
LOAD /opt/riscv32/lib/gcc/riscv32-unknown-elf/11.1.0/../../../../riscv32-unknown-elf/lib/libgloss.a
END GROUP
LOAD /opt/riscv32/lib/gcc/riscv32-unknown-elf/11.1.0/libgcc.a
                0x0000000080000000                . = 0x80000000

.text.init      0x0000000080000000       0x46
 *(.text.init)
 .text.init     0x0000000080000000       0x46 crt0.o
                0x0000000080000000                _start
                0x0000000080000018                _finish

.text           0x0000000080000046      0x242
 *(.text)
 .text          0x0000000080000046      0x242 AssemblyLineScheduling.o
                0x0000000080000046                min
                0x000000008000006a                carAssembly
                0x00000000800001d0                main
 .text          0x0000000080000288        0x0 crt0.o
                0x0000000080000288                _end = .
                0x00000000d0580000                . = 0xd0580000

.data.io        0x00000000d0580000        0x4
 *(.data.io)
 .data.io       0x00000000d0580000        0x4 crt0.o
                0x00000000d0580000                tohost
                0x00000000f0040000                . = 0xf0040000

.data           0x00000000f0040000       0x40
 *(.*data)
 .data          0x00000000f0040000        0x0 AssemblyLineScheduling.o
 .rodata        0x00000000f0040000       0x40 AssemblyLineScheduling.o
 .data          0x00000000f0040040        0x0 crt0.o
 *(.rodata*)

.bss            0x00000000f0040040        0x0
                0x00000000f0040040                BSS_START = .
 *(.*bss)
 .bss           0x00000000f0040040        0x0 AssemblyLineScheduling.o
 .bss           0x00000000f0040040        0x0 crt0.o
                0x00000000f0040040                BSS_END = .
                0x00000000f0041040                STACK = (ALIGN (0x10) + 0x1000)
                0x00000000fffffff8                . = 0xfffffff8

.data.ctl       0x00000000fffffff8        0x8
                0x00000000fffffff8        0x4 LONG 0xf0040000
                0x00000000fffffffc        0x4 LONG 0xf0041040 STACK
OUTPUT(AssemblyLineScheduling.exe elf32-littleriscv)

.rela.dyn       0x0000000100000000        0x0
 .rela.text.init
                0x0000000100000000        0x0 AssemblyLineScheduling.o

.debug_info     0x0000000000000000      0x1a9
 .debug_info    0x0000000000000000      0x1a9 AssemblyLineScheduling.o

.debug_abbrev   0x0000000000000000       0xbb
 .debug_abbrev  0x0000000000000000       0xbb AssemblyLineScheduling.o

.debug_aranges  0x0000000000000000       0x20
 .debug_aranges
                0x0000000000000000       0x20 AssemblyLineScheduling.o

.debug_line     0x0000000000000000      0x26c
 .debug_line    0x0000000000000000      0x26c AssemblyLineScheduling.o

.debug_str      0x0000000000000000       0xe3
 .debug_str     0x0000000000000000       0xe3 AssemblyLineScheduling.o
                                        0x11c (size before relaxing)

.debug_line_str
                0x0000000000000000       0xfc
 .debug_line_str
                0x0000000000000000       0xfc AssemblyLineScheduling.o
                                        0x16f (size before relaxing)

.comment        0x0000000000000000       0x10
 .comment       0x0000000000000000       0x10 AssemblyLineScheduling.o
                                         0x11 (size before relaxing)

.riscv.attributes
                0x0000000000000000       0x2f
 .riscv.attributes
                0x0000000000000000       0x2b AssemblyLineScheduling.o
 .riscv.attributes
                0x000000000000002b       0x2d crt0.o

.debug_frame    0x0000000000000000       0x84
 .debug_frame   0x0000000000000000       0x84 AssemblyLineScheduling.o
