
Memory Configuration

Name             Origin             Length             Attributes
*default*        0x0000000000000000 0xffffffffffffffff

Linker script and memory map

LOAD /opt/riscv32/lib/gcc/riscv32-unknown-elf/12.2.0/libgcc.a
LOAD table_mul.o
LOAD crt0.o
LOAD /opt/riscv32/lib/gcc/riscv32-unknown-elf/12.2.0/libgcc.a
START GROUP
LOAD /opt/riscv32/lib/gcc/riscv32-unknown-elf/12.2.0/../../../../riscv32-unknown-elf/lib/libc.a
LOAD /opt/riscv32/lib/gcc/riscv32-unknown-elf/12.2.0/../../../../riscv32-unknown-elf/lib/libgloss.a
END GROUP
LOAD /opt/riscv32/lib/gcc/riscv32-unknown-elf/12.2.0/libgcc.a
                0x0000000080000000                . = 0x80000000

.text.init      0x0000000080000000       0x44
 *(.text.init)
 .text.init     0x0000000080000000       0x44 crt0.o
                0x0000000080000000                _start
                0x0000000080000016                _finish

.text           0x0000000080000044       0x48
 *(.text)
 .text          0x0000000080000044       0x48 table_mul.o
                0x0000000080000044                main
 .text          0x000000008000008c        0x0 crt0.o
                0x000000008000008c                _end = .
                0x00000000d0580000                . = 0xd0580000

.data.io        0x00000000d0580000        0x4
 *(.data.io)
 .data.io       0x00000000d0580000        0x4 crt0.o
                0x00000000d0580000                tohost
                0x00000000f0040000                . = 0xf0040000

.data           0x00000000f0040000        0x0
 *(.*data)
 .data          0x00000000f0040000        0x0 table_mul.o
 .data          0x00000000f0040000        0x0 crt0.o
 *(.rodata*)

.bss            0x00000000f0040000        0x0
                0x00000000f0040000                BSS_START = .
 *(.*bss)
 .bss           0x00000000f0040000        0x0 table_mul.o
 .bss           0x00000000f0040000        0x0 crt0.o
                0x00000000f0040000                BSS_END = .
                0x00000000f0041000                STACK = (ALIGN (0x10) + 0x1000)
                0x00000000fffffff8                . = 0xfffffff8

.data.ctl       0x00000000fffffff8        0x8
                0x00000000fffffff8        0x4 LONG 0xf0040000
                0x00000000fffffffc        0x4 LONG 0xf0041000 STACK
OUTPUT(table_mul.exe elf32-littleriscv)

.rela.dyn       0x0000000100000000        0x0
 .rela.text.init
                0x0000000100000000        0x0 table_mul.o

.debug_info     0x0000000000000000       0x77
 .debug_info    0x0000000000000000       0x77 table_mul.o

.debug_abbrev   0x0000000000000000       0x55
 .debug_abbrev  0x0000000000000000       0x55 table_mul.o

.debug_aranges  0x0000000000000000       0x20
 .debug_aranges
                0x0000000000000000       0x20 table_mul.o

.debug_line     0x0000000000000000       0x9c
 .debug_line    0x0000000000000000       0x9c table_mul.o

.debug_str      0x0000000000000000       0x50
 .debug_str     0x0000000000000000       0x50 table_mul.o

.debug_line_str
                0x0000000000000000       0xb0
 .debug_line_str
                0x0000000000000000       0xb0 table_mul.o
                                         0xf4 (size before relaxing)

.comment        0x0000000000000000       0x1b
 .comment       0x0000000000000000       0x1b table_mul.o
                                         0x1c (size before relaxing)

.riscv.attributes
                0x0000000000000000       0x2f
 .riscv.attributes
                0x0000000000000000       0x2b table_mul.o
 .riscv.attributes
                0x000000000000002b       0x2d crt0.o

.debug_frame    0x0000000000000000       0x34
 .debug_frame   0x0000000000000000       0x34 table_mul.o
