
Memory Configuration

Name             Origin             Length             Attributes
*default*        0x0000000000000000 0xffffffffffffffff

Linker script and memory map

LOAD /opt/riscv32/lib/gcc/riscv32-unknown-elf/12.2.0/libgcc.a
LOAD Kruskal.o
LOAD crt0.o
LOAD /opt/riscv32/lib/gcc/riscv32-unknown-elf/12.2.0/libgcc.a
START GROUP
LOAD /opt/riscv32/lib/gcc/riscv32-unknown-elf/12.2.0/../../../../riscv32-unknown-elf/lib/libc.a
LOAD /opt/riscv32/lib/gcc/riscv32-unknown-elf/12.2.0/../../../../riscv32-unknown-elf/lib/libgloss.a
END GROUP
LOAD /opt/riscv32/lib/gcc/riscv32-unknown-elf/12.2.0/libgcc.a
                0x0000000080000000                . = 0x80000000

.text.init      0x0000000080000000       0x46
 *(.text.init)
 .text.init     0x0000000080000000       0x46 crt0.o
                0x0000000080000000                _start
                0x0000000080000018                _finish

.text           0x0000000080000046      0x3f6
 *(.text)
 .text          0x0000000080000046      0x3f6 Kruskal.o
                0x0000000080000046                main
                0x000000008000005a                kruskal
                0x0000000080000292                find
                0x00000000800002b6                union1
                0x000000008000031a                sort
 .text          0x000000008000043c        0x0 crt0.o
                0x000000008000043c                _end = .
                0x00000000d0580000                . = 0xd0580000

.data.io        0x00000000d0580000        0x4
 *(.data.io)
 .data.io       0x00000000d0580000        0x4 crt0.o
                0x00000000d0580000                tohost
                0x00000000f0040000                . = 0xf0040000

.data           0x00000000f0040000       0x68
 *(.*data)
 .data          0x00000000f0040000       0x64 Kruskal.o
                0x00000000f0040000                G
 .sdata         0x00000000f0040064        0x4 Kruskal.o
                0x00000000f0040064                n
 .data          0x00000000f0040068        0x0 crt0.o
 *(.rodata*)

.bss            0x00000000f0040068       0x80
                0x00000000f0040068                BSS_START = .
 *(.*bss)
 .bss           0x00000000f0040068       0x80 Kruskal.o
                0x00000000f0040068                elist
                0x00000000f00400a8                spanlist
 .bss           0x00000000f00400e8        0x0 crt0.o
                0x00000000f00400e8                BSS_END = .
                0x00000000f00410f0                STACK = (ALIGN (0x10) + 0x1000)
                0x00000000fffffff8                . = 0xfffffff8

.data.ctl       0x00000000fffffff8        0x8
                0x00000000fffffff8        0x4 LONG 0xf0040000
                0x00000000fffffffc        0x4 LONG 0xf00410f0 STACK
OUTPUT(Kruskal.exe elf32-littleriscv)

.rela.dyn       0x0000000100000000        0x0
 .rela.text.init
                0x0000000100000000        0x0 Kruskal.o

.debug_info     0x0000000000000000      0x27a
 .debug_info    0x0000000000000000      0x27a Kruskal.o

.debug_abbrev   0x0000000000000000      0x180
 .debug_abbrev  0x0000000000000000      0x180 Kruskal.o

.debug_aranges  0x0000000000000000       0x20
 .debug_aranges
                0x0000000000000000       0x20 Kruskal.o

.debug_line     0x0000000000000000      0x30a
 .debug_line    0x0000000000000000      0x30a Kruskal.o

.debug_str      0x0000000000000000      0x101
 .debug_str     0x0000000000000000      0x101 Kruskal.o
                                        0x140 (size before relaxing)

.debug_line_str
                0x0000000000000000       0xa8
 .debug_line_str
                0x0000000000000000       0xa8 Kruskal.o
                                         0xe6 (size before relaxing)

.comment        0x0000000000000000       0x1b
 .comment       0x0000000000000000       0x1b Kruskal.o
                                         0x1c (size before relaxing)

.riscv.attributes
                0x0000000000000000       0x2f
 .riscv.attributes
                0x0000000000000000       0x2b Kruskal.o
 .riscv.attributes
                0x000000000000002b       0x2d crt0.o

.debug_frame    0x0000000000000000       0xcc
 .debug_frame   0x0000000000000000       0xcc Kruskal.o
