
Memory Configuration

Name             Origin             Length             Attributes
*default*        0x0000000000000000 0xffffffffffffffff

Linker script and memory map

LOAD /opt/riscv32/lib/gcc/riscv32-unknown-elf/11.1.0/libgcc.a
LOAD Stack.o
LOAD crt0.o
LOAD /opt/riscv32/lib/gcc/riscv32-unknown-elf/11.1.0/libgcc.a
START GROUP
LOAD /opt/riscv32/lib/gcc/riscv32-unknown-elf/11.1.0/../../../../riscv32-unknown-elf/lib/libc.a
LOAD /opt/riscv32/lib/gcc/riscv32-unknown-elf/11.1.0/../../../../riscv32-unknown-elf/lib/libgloss.a
END GROUP
LOAD /opt/riscv32/lib/gcc/riscv32-unknown-elf/11.1.0/libgcc.a
                0x0000000080000000                . = 0x80000000

.text.init      0x0000000080000000       0x46
 *(.text.init)
 .text.init     0x0000000080000000       0x46 crt0.o
                0x0000000080000000                _start
                0x0000000080000018                _finish

.text           0x0000000080000046      0x142
 *(.text)
 .text          0x0000000080000046      0x142 Stack.o
                0x0000000080000046                isempty
                0x0000000080000068                isfull
                0x0000000080000090                peek
                0x00000000800000b4                pop
                0x0000000080000100                push
                0x000000008000014c                main
 .text          0x0000000080000188        0x0 crt0.o
                0x0000000080000188                _end = .
                0x00000000d0580000                . = 0xd0580000

.data.io        0x00000000d0580000        0x4
 *(.data.io)
 .data.io       0x00000000d0580000        0x4 crt0.o
                0x00000000d0580000                tohost
                0x00000000f0040000                . = 0xf0040000

.data           0x00000000f0040000        0x8
 *(.*data)
 .data          0x00000000f0040000        0x0 Stack.o
 .sdata         0x00000000f0040000        0x8 Stack.o
                0x00000000f0040000                MAXSIZE
                0x00000000f0040004                top
 .data          0x00000000f0040008        0x0 crt0.o
 *(.rodata*)

.bss            0x00000000f0040008       0x20
                0x00000000f0040008                BSS_START = .
 *(.*bss)
 .bss           0x00000000f0040008       0x20 Stack.o
                0x00000000f0040008                stack
 .bss           0x00000000f0040028        0x0 crt0.o
                0x00000000f0040028                BSS_END = .
                0x00000000f0041030                STACK = (ALIGN (0x10) + 0x1000)
                0x00000000fffffff8                . = 0xfffffff8

.data.ctl       0x00000000fffffff8        0x8
                0x00000000fffffff8        0x4 LONG 0xf0040000
                0x00000000fffffffc        0x4 LONG 0xf0041030 STACK
OUTPUT(Stack.exe elf32-littleriscv)

.rela.dyn       0x0000000100000000        0x0
 .rela.text.init
                0x0000000100000000        0x0 Stack.o

.debug_info     0x0000000000000000      0x17b
 .debug_info    0x0000000000000000      0x17b Stack.o

.debug_abbrev   0x0000000000000000       0xfc
 .debug_abbrev  0x0000000000000000       0xfc Stack.o

.debug_aranges  0x0000000000000000       0x20
 .debug_aranges
                0x0000000000000000       0x20 Stack.o

.debug_line     0x0000000000000000      0x1a2
 .debug_line    0x0000000000000000      0x1a2 Stack.o

.debug_str      0x0000000000000000      0x103
 .debug_str     0x0000000000000000      0x103 Stack.o
                                        0x13c (size before relaxing)

.debug_line_str
                0x0000000000000000       0xd1
 .debug_line_str
                0x0000000000000000       0xd1 Stack.o
                                        0x12a (size before relaxing)

.comment        0x0000000000000000       0x10
 .comment       0x0000000000000000       0x10 Stack.o
                                         0x11 (size before relaxing)

.riscv.attributes
                0x0000000000000000       0x2f
 .riscv.attributes
                0x0000000000000000       0x2b Stack.o
 .riscv.attributes
                0x000000000000002b       0x2d crt0.o

.debug_frame    0x0000000000000000       0xf4
 .debug_frame   0x0000000000000000       0xf4 Stack.o
